// Jest Snapshot v1, https://goo.gl/fbAQLP

exports[`renders correctly 1`] = `
<div
  className="App"
>
  <div
    className="container"
  >
    <div
      className="item"
    >
      <img
        alt="img"
        className="item__img"
        src="https://images.foody.vn/res/g71/700458/s120x120/988d741d-f41a-4e8f-9fc0-f7a28312ed67.jpg"
      />
      <div
        className="item__info"
      >
        <h2
          className="item__title"
        >
          Sữa tươi trân châu đường đen
        </h2>
        <div
          className="item__description"
        >
          Brown sugar deerioca milk. (Không thể thay đổi mức đường và topping, chỉ thêm được kem trứng)
        </div>
      </div>
      <div
        className="item__price"
      >
        62,000
        <span
          className="item__price-notation"
        >
          đ
        </span>
      </div>
    </div>
    <div
      className="item"
    >
      <img
        alt="img"
        className="item__img"
        src="https://images.foody.vn/res/g71/700458/s120x120/5e9b3341-4163-4c01-c634-a479f11b65f6.jpg"
      />
      <div
        className="item__info"
      >
        <h2
          className="item__title"
        >
          Sữa tươi kem trứng trân châu đường đen
        </h2>
        <div
          className="item__description"
        >
          Creme brulee brown sugar deerioca. (Không thể thay đổi mức đường và topping)
        </div>
      </div>
      <div
        className="item__price"
      >
        65,000
        <span
          className="item__price-notation"
        >
          đ
        </span>
      </div>
    </div>
    <div
      className="item"
    >
      <img
        alt="img"
        className="item__img"
        src="https://images.foody.vn/res/g71/700458/s120x120/bccc064f-71a6-4da5-1812-7a0d9aef03db.jpg"
      />
      <div
        className="item__info"
      >
        <h2
          className="item__title"
        >
          Cacao trân châu đường đen
        </h2>
        <div
          className="item__description"
        >
          Brown sugar deerioca cocoa milk
        </div>
      </div>
      <div
        className="item__price"
      >
        65,000
        <span
          className="item__price-notation"
        >
          đ
        </span>
      </div>
    </div>
    <div
      className="item"
    >
      <img
        alt="img"
        className="item__img"
        src="https://images.foody.vn/res/g71/700458/s120x120/aedf12f1-a876-4461-0116-6f06efe824dd.jpg"
      />
      <div
        className="item__info"
      >
        <h2
          className="item__title"
        >
          Matcha trân châu đường đen
        </h2>
        <div
          className="item__description"
        >
          Brown sugar deerioca matcha latte
        </div>
      </div>
      <div
        className="item__price"
      >
        65,000
        <span
          className="item__price-notation"
        >
          đ
        </span>
      </div>
    </div>
    <div
      className="item"
    >
      <img
        alt="img"
        className="item__img"
        src="https://images.foody.vn/res/g71/700458/s120x120/ed72f451-47f1-4b29-e6db-0d1ddf158564.jpg"
      />
      <div
        className="item__info"
      >
        <h2
          className="item__title"
        >
          Latte trân châu đường đen
        </h2>
        <div
          className="item__description"
        >
          Brown sugar deerioca latte. (Không thể thay đổi mức đường và topping)
        </div>
      </div>
      <div
        className="item__price"
      >
        75,000
        <span
          className="item__price-notation"
        >
          đ
        </span>
      </div>
    </div>
  </div>
</div>
`;
